 
****************************************
Report : area
Design : BoothMultiplier
Version: U-2022.12-SP7
Date   : Sat Dec 23 12:51:47 2023
****************************************

Information: Updating design information... (UID-85)
Library(s) Used:

    saed90nm_typ_ht (File: /home/user62/Desktop/booth_mutiplier/ref/models/saed90nm_typ_ht.db)

Number of ports:                        11586
Number of nets:                         18004
Number of cells:                         4757
Number of combinational cells:           4468
Number of sequential cells:               128
Number of macros/black boxes:               0
Number of buf/inv:                       1236
Number of references:                      38

Combinational area:              82149.579783
Buf/Inv area:                     6917.529765
Noncombinational area:            4132.454468
Macro/Black Box area:                0.000000
Net Interconnect area:            5709.619524

Total cell area:                 86282.034251
Total area:                      91991.653775
1
