------------------------------------------------------------
Timing Analyzer Summary
------------------------------------------------------------

Type  : Slow 1100mV 85C Model Setup 'CLK'
Slack : -78.216
TNS   : -3561.163

Type  : Slow 1100mV 85C Model Hold 'CLK'
Slack : 0.506
TNS   : 0.000

Type  : Slow 1100mV 85C Model Minimum Pulse Width 'CLK'
Slack : -0.724
TNS   : -141.580

Type  : Slow 1100mV 0C Model Setup 'CLK'
Slack : -79.476
TNS   : -3642.438

Type  : Slow 1100mV 0C Model Hold 'CLK'
Slack : 0.504
TNS   : 0.000

Type  : Slow 1100mV 0C Model Minimum Pulse Width 'CLK'
Slack : -0.724
TNS   : -144.616

Type  : Fast 1100mV 85C Model Setup 'CLK'
Slack : -33.513
TNS   : -1447.663

Type  : Fast 1100mV 85C Model Hold 'CLK'
Slack : 0.203
TNS   : 0.000

Type  : Fast 1100mV 85C Model Minimum Pulse Width 'CLK'
Slack : -0.082
TNS   : -9.769

Type  : Fast 1100mV 0C Model Setup 'CLK'
Slack : -30.184
TNS   : -1309.980

Type  : Fast 1100mV 0C Model Hold 'CLK'
Slack : 0.188
TNS   : 0.000

Type  : Fast 1100mV 0C Model Minimum Pulse Width 'CLK'
Slack : -0.085
TNS   : -10.177

------------------------------------------------------------
